error: unconstrained opaque type
  --> $DIR/issue-86800.rs:31:34
   |
LL | type TransactionFuture<'__, O> = impl '__ + Future<Output = TransactionResult<O>>;
   |                                  ^^^^^^^^^^^^^^^^^^^^^^^^^^^^^^^^^^^^^^^^^^^^^^^^
   |
error: the compiler unexpectedly panicked. this is a bug.

query stack during panic:
#0 [type_of] computing type of `TransactionFuture::{opaque#0}`
#1 [check_mod_item_types] checking item types in top-level module
end of query stack
error[E0792]: expected generic lifetime parameter, found `'_`
  --> $DIR/issue-86800.rs:39:5
   |
LL | type TransactionFuture<'__, O> = impl '__ + Future<Output = TransactionResult<O>>;
   |                        --- this generic parameter must be used with a generic lifetime parameter
...
LL |     f
   |     ^


error: the compiler unexpectedly panicked. this is a bug.

query stack during panic:
#0 [mir_borrowck] borrow-checking `execute_transaction_fut`
#1 [type_of] computing type of `execute_transaction_fut::{opaque#0}`
end of query stack
