error: the compiler unexpectedly panicked. this is a bug.

query stack during panic:
#0 [evaluate_obligation] evaluating trait selection obligation `<inaccessible>`
#1 [codegen_select_candidate] computing candidate for `<inaccessible>`
end of query stack
