error: unused import: `test::B2`
  --> $DIR/lint-unused-imports-2.rs:8:5
   |
LL | use test::B2;
   |     ^^^^^^^^
   |
note: lint level defined here
  --> $DIR/lint-unused-imports-2.rs:1:9
   |
LL | #![deny(unused_imports)]
   |         ^^^^^^^^^^^^^^

error: aborting due to previous error

