257 > 255
error: the compiler unexpectedly panicked. this is a bug.

query stack during panic:
#0 [layout_of] computing layout of `<inaccessible>`
#1 [eval_to_allocation_raw] const-evaluating + checking `FOO`
end of query stack
